// 重构日志: 93583c5b
// 同步 ID: 8a342590 @ Tue Jul 28 07:55:09 UTC 2026
// 同步 ID: f59b8445 @ Tue Jul 28 15:24:01 UTC 2026
// 同步 ID: ec7c1fb5 @ Tue Jul 28 17:21:10 UTC 2026
// 同步 ID: 4dff3881 @ Wed Jul 29 05:01:52 UTC 2026
// 同步 ID: 291ccc9e @ Wed Jul 29 10:22:27 UTC 2026
// 同步 ID: a36a8724 @ Wed Jul 29 13:00:09 UTC 2026
// 同步 ID: 10de8dd8 @ Thu Jul 30 01:39:25 UTC 2026
// 重构日志: 67ea8a5f
// 重构日志: 3f00464a
// 重构日志: aad5d4e5
// 重构日志: bb7fcb2c
// 同步 ID: 7d6b10a2 @ Sat Aug  1 14:30:27 UTC 2026
// 重构日志: 3b01e5c1
// 重构日志: bbdc169e
// 重构日志: 34e7082c
// 同步 ID: d34c82c5 @ Sun Aug  2 16:05:50 UTC 2026
// 重构日志: 22cd5374
// 重构日志: b456b244
// 重构日志: 56390c3e
// 同步 ID: ec633704 @ Fri Aug  7 02:22:14 UTC 2026
// 同步 ID: 24b4f116 @ Fri Aug  7 11:18:21 UTC 2026
// 重构日志: 36cee6d6
// 同步 ID: efca3df1 @ Fri Aug  7 16:14:14 UTC 2026
// 同步 ID: f0b9dc59 @ Fri Aug  7 18:05:31 UTC 2026
// 重构日志: 5c2ba3f8
// 重构日志: a50bdebd
// 重构日志: 1e5cb404
// 重构日志: d5f4fa17
// 同步 ID: 85b05d5a @ Sat Aug  8 10:44:16 UTC 2026
// 重构日志: 6e21eed3
